../Core/Src/main.c:90:6:MPU6050_Init	32	static
../Core/Src/main.c:118:6:MPU6050_Read_Accel	32	static
../Core/Src/main.c:139:6:fill_buffer	24	static
../Core/Src/main.c:154:5:_write	24	static
../Core/Src/main.c:160:6:LED_Control	16	static
../Core/Src/main.c:177:5:main	128	static
../Core/Src/main.c:267:6:SystemClock_Config	72	static
../Core/Src/main.c:307:13:MX_I2C1_Init	8	static
../Core/Src/main.c:341:13:MX_USART1_UART_Init	8	static
../Core/Src/main.c:374:13:MX_GPIO_Init	40	static
../Core/Src/main.c:409:6:Error_Handler	4	static,ignoring_inline_asm
